
> Configure project :
Source Compatibility: 21

> Task :compileJava UP-TO-DATE
> Task :processResources NO-SOURCE
> Task :classes UP-TO-DATE
> Task :compileTestJava UP-TO-DATE
> Task :processTestResources UP-TO-DATE
> Task :testClasses UP-TO-DATE
> Task :test UP-TO-DATE
> Task :jacocoTestReport UP-TO-DATE

BUILD SUCCESSFUL in 1s
5 actionable tasks: 5 up-to-date
